// Jest Snapshot v1, https://goo.gl/fbAQLP

exports[`the AdminNotice component matches the snapshot 1`] = `
<div
  className="admin-notice admin-notice--info"
/>
`;
