// Jest Snapshot v1, https://goo.gl/fbAQLP

exports[`AMPValidationStatusNotification renders error message when API request error is present 1`] = `"<div class="sidebar-notification"><div class="sidebar-notification__icon"><svg width="21" height="21" viewBox="0 0 21 21" fill="none" xmlns="http://www.w3.org/2000/svg" aria-hidden="true" focusable="false"><g clip-path="url(#clip-amp-validation-errors-kept)"><path d="M10.7617 2.54102C15.1617 2.54102 18.7617 6.14102 18.7617 10.541C18.7617 12.141 18.2617 13.541 17.5617 14.741L18.9617 16.241C20.0617 14.641 20.7617 12.641 20.7617 10.541C20.7617 5.04102 16.2617 0.541016 10.7617 0.541016C8.76172 0.541016 6.86172 1.14102 5.26172 2.24102L6.66172 3.74102C7.86172 2.94102 9.26172 2.54102 10.7617 2.54102Z" fill="#BB522E"></path><path d="M0.761719 10.541C0.761719 16.041 5.26172 20.541 10.7617 20.541C13.4617 20.541 15.8617 19.441 17.6617 17.741L3.66172 3.54102C1.86172 5.34102 0.761719 7.84102 0.761719 10.541ZM10.7617 18.541C6.36172 18.541 2.76172 14.941 2.76172 10.541C2.76172 9.04102 3.16172 7.74102 3.86172 6.54102L14.7617 17.441C13.5617 18.141 12.2617 18.541 10.7617 18.541Z" fill="#BB522E"></path><path d="M14.2619 9.74062C14.3619 9.74062 14.3619 9.64062 14.3619 9.54062C14.3619 9.34062 14.1619 9.14062 13.9619 9.14062H11.9619L13.5619 10.7406L14.2619 9.74062Z" fill="#BB522E"></path><path d="M12.4615 4.54102H11.6615L10.0615 7.14102L11.7615 8.84102L12.4615 4.54102Z" fill="#BB522E"></path><path d="M7.46182 11.5414C7.46182 11.5414 7.36182 11.6414 7.36182 11.7414C7.36182 11.9414 7.56182 12.1414 7.76182 12.1414H10.0618L9.26182 16.6414H9.96182L12.5618 12.5414L9.06182 8.94141L7.46182 11.5414Z" fill="#BB522E"></path></g><defs><clipPath id="clip-amp-validation-errors-kept"><rect width="20" height="20" fill="white" transform="translate(0.761719 0.541016)"></rect></clipPath></defs></svg></div><div class="sidebar-notification__content"><p>request error message</p><div class="sidebar-notification__action"><button type="button" class="components-button is-link">Try again</button></div></div></div>"`;

exports[`AMPValidationStatusNotification renders error message when there are kept issues 1`] = `"<div class="sidebar-notification"><div class="sidebar-notification__icon"><svg width="21" height="21" viewBox="0 0 21 21" fill="none" xmlns="http://www.w3.org/2000/svg" aria-hidden="true" focusable="false"><g clip-path="url(#clip-amp-validation-errors-kept)"><path d="M10.7617 2.54102C15.1617 2.54102 18.7617 6.14102 18.7617 10.541C18.7617 12.141 18.2617 13.541 17.5617 14.741L18.9617 16.241C20.0617 14.641 20.7617 12.641 20.7617 10.541C20.7617 5.04102 16.2617 0.541016 10.7617 0.541016C8.76172 0.541016 6.86172 1.14102 5.26172 2.24102L6.66172 3.74102C7.86172 2.94102 9.26172 2.54102 10.7617 2.54102Z" fill="#BB522E"></path><path d="M0.761719 10.541C0.761719 16.041 5.26172 20.541 10.7617 20.541C13.4617 20.541 15.8617 19.441 17.6617 17.741L3.66172 3.54102C1.86172 5.34102 0.761719 7.84102 0.761719 10.541ZM10.7617 18.541C6.36172 18.541 2.76172 14.941 2.76172 10.541C2.76172 9.04102 3.16172 7.74102 3.86172 6.54102L14.7617 17.441C13.5617 18.141 12.2617 18.541 10.7617 18.541Z" fill="#BB522E"></path><path d="M14.2619 9.74062C14.3619 9.74062 14.3619 9.64062 14.3619 9.54062C14.3619 9.34062 14.1619 9.14062 13.9619 9.14062H11.9619L13.5619 10.7406L14.2619 9.74062Z" fill="#BB522E"></path><path d="M12.4615 4.54102H11.6615L10.0615 7.14102L11.7615 8.84102L12.4615 4.54102Z" fill="#BB522E"></path><path d="M7.46182 11.5414C7.46182 11.5414 7.36182 11.6414 7.36182 11.7414C7.36182 11.9414 7.56182 12.1414 7.76182 12.1414H10.0618L9.26182 16.6414H9.96182L12.5618 12.5414L9.06182 8.94141L7.46182 11.5414Z" fill="#BB522E"></path></g><defs><clipPath id="clip-amp-validation-errors-kept"><rect width="20" height="20" fill="white" transform="translate(0.761719 0.541016)"></rect></clipPath></defs></svg></div><div class="sidebar-notification__content"><p>AMP is disabled due to invalid markup being kept for 2 issues.</p><div class="sidebar-notification__action"><a class="components-external-link" href="http://example.com" target="_blank" rel="external noreferrer noopener"><span class="components-external-link__contents">View technical details</span><span class="components-external-link__icon" aria-label="(opens in a new tab)">↗</span></a><br><a class="components-external-link" href="http://example.com/support" target="_blank" rel="external noreferrer noopener"><span class="components-external-link__contents">Get Support</span><span class="components-external-link__icon" aria-label="(opens in a new tab)">↗</span></a></div></div></div>"`;

exports[`AMPValidationStatusNotification renders message when the post is new 1`] = `"<div class="sidebar-notification"><div class="sidebar-notification__icon"><div class="amp-status-icon "><svg xmlns="http://www.w3.org/2000/svg" viewBox="0 0 20 20" aria-hidden="true" focusable="false"><path fill="#0075C2" d="M13.3 9.1l-4 6.6h-.8l.7-4.3H7c-.2 0-.4-.2-.4-.4 0-.1.1-.2.1-.2l4-6.6h.7l-.7 4.3h2.2c.2 0 .4.2.4.4.1.1 0 .2 0 .2zM10 .5C4.7.5.4 4.8.4 10c0 5.3 4.3 9.5 9.6 9.5s9.6-4.3 9.6-9.5c0-5.3-4.3-9.5-9.6-9.5z"></path></svg></div></div><div class="sidebar-notification__content"><p>Validation will be checked upon saving.</p></div></div>"`;

exports[`AMPValidationStatusNotification renders message when there are no AMP validation errors 1`] = `"<div class="sidebar-notification"><div class="sidebar-notification__icon"><div class="amp-status-icon "><svg xmlns="http://www.w3.org/2000/svg" viewBox="0 0 20 20" aria-hidden="true" focusable="false"><path fill="#0075C2" d="M13.3 9.1l-4 6.6h-.8l.7-4.3H7c-.2 0-.4-.2-.4-.4 0-.1.1-.2.1-.2l4-6.6h.7l-.7 4.3h2.2c.2 0 .4.2.4.4.1.1 0 .2 0 .2zM10 .5C4.7.5.4 4.8.4 10c0 5.3 4.3 9.5 9.6 9.5s9.6-4.3 9.6-9.5c0-5.3-4.3-9.5-9.6-9.5z"></path></svg></div></div><div class="sidebar-notification__content"><p>No AMP validation issues detected.</p></div></div>"`;

exports[`AMPValidationStatusNotification renders message when there are reviewed issues 1`] = `"<div class="sidebar-notification"><div class="sidebar-notification__icon"><div class="amp-status-icon "><svg xmlns="http://www.w3.org/2000/svg" viewBox="0 0 20 20" aria-hidden="true" focusable="false"><path fill="#0075C2" d="M13.3 9.1l-4 6.6h-.8l.7-4.3H7c-.2 0-.4-.2-.4-.4 0-.1.1-.2.1-.2l4-6.6h.7l-.7 4.3h2.2c.2 0 .4.2.4.4.1.1 0 .2 0 .2zM10 .5C4.7.5.4 4.8.4 10c0 5.3 4.3 9.5 9.6 9.5s9.6-4.3 9.6-9.5c0-5.3-4.3-9.5-9.6-9.5z"></path></svg></div></div><div class="sidebar-notification__content"><p>AMP is valid. 1 issue was reviewed.</p><div class="sidebar-notification__action"><a class="components-external-link" href="http://example.com" target="_blank" rel="external noreferrer noopener"><span class="components-external-link__contents">View technical details</span><span class="components-external-link__icon" aria-label="(opens in a new tab)">↗</span></a><br><a class="components-external-link" href="http://example.com/support" target="_blank" rel="external noreferrer noopener"><span class="components-external-link__contents">Get Support</span><span class="components-external-link__icon" aria-label="(opens in a new tab)">↗</span></a></div></div></div>"`;

exports[`AMPValidationStatusNotification renders message when there are unreviewed issues 1`] = `"<div class="sidebar-notification"><div class="sidebar-notification__icon"><div class="amp-status-icon amp-status-icon--broken"><svg xmlns="http://www.w3.org/2000/svg" viewBox="0 0 20 20" aria-hidden="true" focusable="false"><path fill="#0075C2" d="M13.3 9.1l-4 6.6h-.8l.7-4.3H7c-.2 0-.4-.2-.4-.4 0-.1.1-.2.1-.2l4-6.6h.7l-.7 4.3h2.2c.2 0 .4.2.4.4.1.1 0 .2 0 .2zM10 .5C4.7.5.4 4.8.4 10c0 5.3 4.3 9.5 9.6 9.5s9.6-4.3 9.6-9.5c0-5.3-4.3-9.5-9.6-9.5z"></path></svg></div></div><div class="sidebar-notification__content"><p>AMP is valid, but 3 issues need review.</p><div class="sidebar-notification__action"><a class="components-external-link" href="http://example.com" target="_blank" rel="external noreferrer noopener"><span class="components-external-link__contents">View technical details</span><span class="components-external-link__icon" aria-label="(opens in a new tab)">↗</span></a><br><a class="components-external-link" href="http://example.com/support" target="_blank" rel="external noreferrer noopener"><span class="components-external-link__contents">Get Support</span><span class="components-external-link__icon" aria-label="(opens in a new tab)">↗</span></a></div></div></div>"`;
